// Jest Snapshot v1, https://goo.gl/fbAQLP

exports[`MenuTray render matches snapshot 1`] = `
<styled.div>
  <styled.div>
    10:26 PM
  </styled.div>
</styled.div>
`;
